Photo processed for 513748849 in style Реалистично
Photo processed for 513748849 in style Холодные тона
Feedback saved from 513748849: Дада
Feedback saved from 513748849: ⬅️ Назад
Feedback saved from 513748849: ⬅️ Назад
Photo processed for 513748849, style=Реалистично
Photo processed for 513748849, style=Дореволюционные
Feedback from 513748849: Дада
Feedback from 513748849: Так так
Photo processed: user=513748849, style=Реалистично
Feedback from 513748849: ⬅️ Назад
Photo processed: 513748849, style=Реалистично
Photo processed: 513748849, style=Реалистично
Photo processed: 513748849, style=Реалистично
Photo processed: 513748849, style=Холодные тона
Photo processed: 513748849, style=Холодные тона
Photo processed: 513748849, style=Современные
Photo processed: 513748849, style=Реалистично
Photo processed: 513748849, style=Реалистично
Photo processed: 513748849, style=Реалистично
Photo processed: 513748849, style=Холодные тона
Feedback from 513748849: Что нового?
Feedback from 513748849: Хочу домой
Feedback from 513748849: Да ты хорош
Photo processed: 513748849, style=90-е
Photo processed: 513748849, style=Винтаж Европа/Америка
Feedback from 513748849: Ты хорош
Feedback from 513748849: Ты хорош 👍
Feedback from 513748849: Хочу домой
Photo processed: 513748849, style=Реалистично
Photo processed: 513748849, style=Реалистично
Photo processed: 513748849, style=Реалистично
Photo processed: 513748849, style=90-е
Feedback from 513748849: Как дела у тебя
Feedback from 513748849: Кукусики
[2025-12-17 21:41:54] Photo processed: user=513748849, style=Реалистично
[2025-12-17 21:42:05] Photo processed: user=513748849, style=Холодные тона
[2025-12-17 21:42:38] Feedback from 513748849: Ну что как дела?
[2025-12-17 21:43:12] Feedback from 513748849: Я тут а где ты?
[2025-12-17 21:47:42] Photo processed: user=513748849, style=Реалистично
[2025-12-17 21:48:24] Photo processed: user=513748849, style=Винтаж Европа/Америка
[2025-12-17 21:59:54] Photo processed: user=513748849, style=Ретро (50-80)
[2025-12-17 22:00:13] Photo processed: user=513748849, style=Реалистично
[2025-12-17 22:00:26] Photo processed: user=513748849, style=Сепия
[2025-12-17 22:00:35] Photo processed: user=513748849, style=Дореволюционные
[2025-12-17 22:00:46] Photo processed: user=513748849, style=Современные
[2025-12-17 22:00:55] Photo processed: user=513748849, style=Ретро (50-80)
[2025-12-17 22:01:11] Photo processed: user=513748849, style=Холодные тона
[2025-12-17 22:01:18] Photo processed: user=513748849, style=Советские
[2025-12-17 22:01:26] Photo processed: user=513748849, style=90-е
[2025-12-17 22:01:39] Photo processed: user=513748849, style=Винтаж Европа/Америка
[2025-12-17 22:05:46] Photo processed: user=513748849, style=Ретро (50-80)
[2025-12-17 22:06:13] Photo processed: user=513748849, style=Советские
[2025-12-17 22:06:29] Photo processed: user=513748849, style=90-е
[2025-12-17 22:08:29] Photo processed: user=513748849, style=Ретро (50-80)
[2025-12-17 22:08:44] Photo processed: user=513748849, style=Советские
[2025-12-17 22:08:51] Photo processed: user=513748849, style=Советские
[2025-12-17 22:09:10] Feedback from 513748849: Вроде все работает
[2025-12-17 22:14:09] Feedback from 513748849: Сейчас посмотрим
[2025-12-17 22:14:40] Photo processed: user=513748849, style=Реалистично
[2025-12-17 22:15:01] Photo processed: user=513748849, style=Холодные тона
[2025-12-17 22:15:07] Photo processed: user=513748849, style=Холодные тона
[2025-12-17 22:22:00] User 513748849 stopped session
[2025-12-17 22:31:22] Photo processed: user=513748849, style=Ретро (50-80)
[2025-12-17 22:31:32] Photo processed: user=513748849, style=Винтаж Европа/Америка
[2025-12-17 22:32:40] Feedback from 513748849: Мне все нравится 👍
[2025-12-17 22:38:27] User 513748849 stopped session
[2025-12-17 22:38:37] Photo processed: user=513748849, style=Дореволюционные
[2025-12-17 22:38:53] Photo processed: user=513748849, style=Современные
[2025-12-17 22:39:40] Feedback from 513748849: Хорошо то как
[2025-12-17 22:41:50] User 513748849 stopped session
[2025-12-17 22:42:00] User 513748849 stopped session
[2025-12-17 22:47:00] User 513748849 stopped session
[2025-12-17 22:47:12] Photo processed: user=513748849, style=Реалистично
[2025-12-17 22:47:22] Photo processed: user=513748849, style=Реалистично
[2025-12-17 22:47:31] Photo processed: user=513748849, style=Реалистично
[2025-12-17 22:47:36] Photo processed: user=513748849, style=Реалистично
[2025-12-17 22:47:48] Photo processed: user=513748849, style=Современные
[2025-12-17 22:48:08] Photo processed: user=513748849, style=Современные
[2025-12-17 22:48:33] Photo processed: user=513748849, style=Холодные тона
[2025-12-17 22:48:50] Photo processed: user=513748849, style=Холодные тона
[2025-12-17 22:48:59] Photo processed: user=513748849, style=Холодные тона
[2025-12-17 22:49:20] Photo processed: user=513748849, style=Ретро (50-80)
[2025-12-17 22:49:43] Feedback from 513748849: Здорово
[2025-12-17 22:50:10] User 513748849 stopped session
[2025-12-17 22:52:53] Photo processed: user=513748849, style=Реалистично
[2025-12-17 22:57:48] User 513748849 stopped session
[2025-12-17 23:02:42] User 513748849 stopped session
[2025-12-17 23:09:26] Photo processed: user=513748848, style=Реалистично
[2025-12-17 23:20:07] User 513748849 stopped session
[2025-12-17 23:45:33] User 513748849 stopped session
[2025-12-17 23:45:58] Photo processed: user=513748849, style=Реалистично
[2025-12-17 23:46:07] Photo processed: user=513748849, style=Советские
[2025-12-17 23:46:31] Photo processed: user=513748849, style=Советские
[2025-12-17 23:47:01] Feedback from 513748849: Хорошее приложение
[2025-12-17 23:51:38] User 513748849 stopped session
[2025-12-17 23:51:51] Photo processed: user=513748849, style=Реалистично
[2025-12-17 23:52:01] Photo processed: user=513748849, style=Сепия
[2025-12-17 23:52:09] Photo processed: user=513748849, style=Дореволюционные
[2025-12-17 23:52:17] Photo processed: user=513748849, style=Современные
[2025-12-17 23:52:28] Photo processed: user=513748849, style=Ретро (50-80)
[2025-12-17 23:52:43] Photo processed: user=513748849, style=Холодные тона
[2025-12-17 23:52:52] Photo processed: user=513748849, style=Советские
[2025-12-17 23:52:59] Photo processed: user=513748849, style=90-е
[2025-12-17 23:53:07] Photo processed: user=513748849, style=Винтаж Европа/Америка
[2025-12-17 23:53:44] Feedback from 513748849: Какие ожидаются улучшение в работе приложения?
[2025-12-18 00:36:30] Photo processed: user=513748849, style=Реалистично
[2025-12-18 00:37:34] Photo processed: user=1075822127, style=Советские
[2025-12-18 00:37:58] Photo processed: user=1075822127, style=Дореволюционные
[2025-12-18 01:49:27] Photo processed: user=513748849, style=Дореволюционные
